******************************************************************************
                  TI ARM Linker PC v20.2.7                     
******************************************************************************
>> Linked Sat Jan 13 20:53:40 2024

OUTPUT FILE NAME:   <AUTOSAR_Project.out>
ENTRY POINT SYMBOL: "_c_int00_noargs"  address: 00000e9d


MEMORY CONFIGURATION

         name            origin    length      used     unused   attr    fill
----------------------  --------  ---------  --------  --------  ----  --------
  FLASH                 00000000   00040000  000010b2  0003ef4e  R  X
  SRAM                  20000000   00008000  00000218  00007de8  RW X


SEGMENT ALLOCATION MAP

run origin  load origin   length   init length attrs members
----------  ----------- ---------- ----------- ----- -------
00000000    00000000    000010b4   000010b4    r-x
  00000000    00000000    0000026c   0000026c    r-- .intvecs
  0000026c    0000026c    00000cc6   00000cc6    r-x .text
  00000f32    00000f32    0000015c   0000015c    r-- .const
  00001090    00001090    00000024   00000024    r-- .cinit
20000000    20000000    00000218   00000000    rw-
  20000000    20000000    00000200   00000000    rw- .stack
  20000200    20000200    00000018   00000000    rw- .data


SECTION ALLOCATION MAP

 output                                  attributes/
section   page    origin      length       input sections
--------  ----  ----------  ----------   ----------------
.intvecs   0    00000000    0000026c     
                  00000000    0000026c     tm4c123gh6pm_startup_ccs.obj (.intvecs)

.text      0    0000026c    00000cc6     
                  0000026c    000005a0     Port.obj (.text)
                  0000080c    0000030c     Dio.obj (.text)
                  00000b18    000000a8     Os.obj (.text)
                  00000bc0    0000009c     rtsv7M4_T_le_v4SPD16_eabi.lib : memcpy_t2.asm.obj (.text)
                  00000c5c    0000007c     Button.obj (.text)
                  00000cd8    0000007c     Gpt.obj (.text)
                  00000d54    00000068     rtsv7M4_T_le_v4SPD16_eabi.lib : copy_decompress_lzss.c.obj (.text:decompress:lzss:__TI_decompress_lzss)
                  00000dbc    0000005c     App.obj (.text)
                  00000e18    00000044     rtsv7M4_T_le_v4SPD16_eabi.lib : autoinit.c.obj (.text:__TI_auto_init_nobinit_nopinit:__TI_auto_init_nobinit_nopinit)
                  00000e5c    0000003e     Led.obj (.text)
                  00000e9a    00000002     --HOLE-- [fill = 0]
                  00000e9c    00000034     rtsv7M4_T_le_v4SPD16_eabi.lib : boot_cortex_m.c.obj (.text:_c_int00_noargs:_c_int00_noargs)
                  00000ed0    00000020     Mcu.obj (.text)
                  00000ef0    00000016     Det.obj (.text)
                  00000f06    0000000e     rtsv7M4_T_le_v4SPD16_eabi.lib : copy_decompress_none.c.obj (.text:decompress:none:__TI_decompress_none)
                  00000f14    0000000c     tm4c123gh6pm_startup_ccs.obj (.text)
                  00000f20    0000000a     main.obj (.text)
                  00000f2a    00000004     rtsv7M4_T_le_v4SPD16_eabi.lib : pre_init.c.obj (.text:_system_pre_init)
                  00000f2e    00000004                                   : exit.c.obj (.text:abort:abort)

.const     0    00000f32    0000015c     
                  00000f32    00000158     Port_PBCfg.obj (.const:PORT_Configuration)
                  0000108a    00000004     Dio_PBcfg.obj (.const:Dio_Configuration)

.cinit     0    00001090    00000024     
                  00001090    00000011     (.cinit..data.load) [load image, compression = lzss]
                  000010a1    00000003     --HOLE-- [fill = 0]
                  000010a4    00000008     (__TI_handler_table)
                  000010ac    00000008     (__TI_cinit_table)

.init_array 
*          0    00000000    00000000     UNINITIALIZED

.data      0    20000200    00000018     UNINITIALIZED
                  20000200    00000008     Port.obj (.data)
                  20000208    00000005     Dio.obj (.data)
                  2000020d    00000003     Button.obj (.data)
                  20000210    00000004     Gpt.obj (.data)
                  20000214    00000002     App.obj (.data)
                  20000216    00000002     Os.obj (.data)

.stack     0    20000000    00000200     UNINITIALIZED
                  20000000    00000004     rtsv7M4_T_le_v4SPD16_eabi.lib : boot_cortex_m.c.obj (.stack)
                  20000004    000001fc     --HOLE--

__llvm_prf_cnts 
*          0    20000000    00000000     UNINITIALIZED

MODULE SUMMARY

       Module                         code   ro data   rw data
       ------                         ----   -------   -------
    .\
       Port.obj                       1440   0         8      
       Dio.obj                        780    0         5      
       tm4c123gh6pm_startup_ccs.obj   12     620       0      
       Port_PBCfg.obj                 0      344       0      
       Os.obj                         168    0         2      
       Gpt.obj                        124    0         4      
       Button.obj                     124    0         3      
       App.obj                        92     0         2      
       Led.obj                        62     0         0      
       Mcu.obj                        32     0         0      
       Det.obj                        22     0         0      
       main.obj                       10     0         0      
       Dio_PBcfg.obj                  0      4         0      
    +--+------------------------------+------+---------+---------+
       Total:                         2866   968       24     
                                                              
    C:\ti\ccs1250\ccs\tools\compiler\ti-cgt-arm_20.2.7.LTS\lib\rtsv7M4_T_le_v4SPD16_eabi.lib
       memcpy_t2.asm.obj              156    0         0      
       copy_decompress_lzss.c.obj     104    0         0      
       autoinit.c.obj                 68     0         0      
       boot_cortex_m.c.obj            52     0         0      
       copy_decompress_none.c.obj     14     0         0      
       exit.c.obj                     4      0         0      
       pre_init.c.obj                 4      0         0      
    +--+------------------------------+------+---------+---------+
       Total:                         402    0         0      
                                                              
       Stack:                         0      0         512    
       Linker Generated:              0      33        0      
    +--+------------------------------+------+---------+---------+
       Grand Total:                   3268   1001      536    


LINKER GENERATED COPY TABLES

__TI_cinit_table @ 000010ac records: 1, size/record: 8, table size: 8
	.data: load addr=00001090, load size=00000011 bytes, run addr=20000200, run size=00000018 bytes, compression=lzss


LINKER GENERATED HANDLER TABLE

__TI_handler_table @ 000010a4 records: 2, size/record: 4, table size: 8
	index: 0, handler: __TI_decompress_lzss
	index: 1, handler: __TI_decompress_none


GLOBAL SYMBOLS: SORTED ALPHABETICALLY BY Name 

address   name                          
-------   ----                          
00000de1  App_Task                      
00000c5d  Button_GetState               
00000c63  Button_RefreshState           
00000dd1  Button_Task                   
00000f2f  C$$EXIT                       
00000ef1  Det_ReportError               
0000108a  Dio_Configuration             
000009eb  Dio_FlipChannel               
0000080d  Dio_Init                      
00000911  Dio_ReadChannel               
00000831  Dio_WriteChannel              
00000dbd  Init_Task                     
00000e75  Led_RefreshOutput             
00000e69  Led_SetOff                    
00000e5d  Led_SetOn                     
00000dd9  Led_Task                      
00000e8d  Led_Toggle                    
00000ed1  Mcu_Init                      
00000b33  Os_NewTimerTick               
00000b43  Os_Scheduler                  
00000b19  Os_start                      
00000f32  PORT_Configuration            
0000026d  Port_Init                     
00000681  Port_RefreshPortDirection     
00000f15  ResetISR                      
00000cd9  SysTick_Handler               
00000d31  SysTick_SetCallBack           
00000ce9  SysTick_Start                 
00000d29  SysTick_Stop                  
20000200  __STACK_END                   
00000200  __STACK_SIZE                  
20000200  __STACK_TOP                   
000010ac  __TI_CINIT_Base               
000010b4  __TI_CINIT_Limit              
000010a4  __TI_Handler_Table_Base       
000010ac  __TI_Handler_Table_Limit      
00000e19  __TI_auto_init_nobinit_nopinit
00000d55  __TI_decompress_lzss          
00000f07  __TI_decompress_none          
ffffffff  __TI_pprof_out_hndl           
ffffffff  __TI_prof_data_size           
ffffffff  __TI_prof_data_start          
00000000  __TI_static_base__            
00000bc1  __aeabi_memcpy                
00000bc1  __aeabi_memcpy4               
00000bc1  __aeabi_memcpy8               
ffffffff  __binit__                     
ffffffff  __c_args__                    
UNDEFED   __mpu_init                    
20000000  __stack                       
20000000  __start___llvm_prf_cnts       
20000000  __stop___llvm_prf_cnts        
00000e9d  _c_int00_noargs               
UNDEFED   _system_post_cinit            
00000f2b  _system_pre_init              
00000f2f  abort                         
ffffffff  binit                         
00000000  g_pfnVectors                  
00000f21  main                          
00000bc1  memcpy                        


GLOBAL SYMBOLS: SORTED BY Symbol Address 

address   name                          
-------   ----                          
00000000  __TI_static_base__            
00000000  g_pfnVectors                  
00000200  __STACK_SIZE                  
0000026d  Port_Init                     
00000681  Port_RefreshPortDirection     
0000080d  Dio_Init                      
00000831  Dio_WriteChannel              
00000911  Dio_ReadChannel               
000009eb  Dio_FlipChannel               
00000b19  Os_start                      
00000b33  Os_NewTimerTick               
00000b43  Os_Scheduler                  
00000bc1  __aeabi_memcpy                
00000bc1  __aeabi_memcpy4               
00000bc1  __aeabi_memcpy8               
00000bc1  memcpy                        
00000c5d  Button_GetState               
00000c63  Button_RefreshState           
00000cd9  SysTick_Handler               
00000ce9  SysTick_Start                 
00000d29  SysTick_Stop                  
00000d31  SysTick_SetCallBack           
00000d55  __TI_decompress_lzss          
00000dbd  Init_Task                     
00000dd1  Button_Task                   
00000dd9  Led_Task                      
00000de1  App_Task                      
00000e19  __TI_auto_init_nobinit_nopinit
00000e5d  Led_SetOn                     
00000e69  Led_SetOff                    
00000e75  Led_RefreshOutput             
00000e8d  Led_Toggle                    
00000e9d  _c_int00_noargs               
00000ed1  Mcu_Init                      
00000ef1  Det_ReportError               
00000f07  __TI_decompress_none          
00000f15  ResetISR                      
00000f21  main                          
00000f2b  _system_pre_init              
00000f2f  C$$EXIT                       
00000f2f  abort                         
00000f32  PORT_Configuration            
0000108a  Dio_Configuration             
000010a4  __TI_Handler_Table_Base       
000010ac  __TI_CINIT_Base               
000010ac  __TI_Handler_Table_Limit      
000010b4  __TI_CINIT_Limit              
20000000  __stack                       
20000000  __start___llvm_prf_cnts       
20000000  __stop___llvm_prf_cnts        
20000200  __STACK_END                   
20000200  __STACK_TOP                   
ffffffff  __TI_pprof_out_hndl           
ffffffff  __TI_prof_data_size           
ffffffff  __TI_prof_data_start          
ffffffff  __binit__                     
ffffffff  __c_args__                    
ffffffff  binit                         
UNDEFED   __mpu_init                    
UNDEFED   _system_post_cinit            

[60 symbols]
